[   14487ms] Error: Minified React error #425; visit https://reactjs.org/docs/error-decoder.html?invariant=425 for the full message or use the non-minified dev environment for full errors and additional helpful warnings.
    at rm (https://aave.com/_next/static/chunks/framework-c1c852b11079ddc8.js:1:46925)
    at https://aave.com/_next/static/chunks/framework-c1c852b11079ddc8.js:1:110066
    at oO (https://aave.com/_next/static/chunks/framework-c1c852b11079ddc8.js:1:112813)
    at oM (https://aave.com/_next/static/chunks/framework-c1c852b11079ddc8.js:1:105763)
    at oF (https://aave.com/_next/static/chunks/framework-c1c852b11079ddc8.js:1:105573)
    at ow (https://aave.com/_next/static/chunks/framework-c1c852b11079ddc8.js:1:100646)
    at x (https://aave.com/_next/static/chunks/framework-c1c852b11079ddc8.js:1:136800)
    at MessagePort.T (https://aave.com/_next/static/chunks/framework-c1c852b11079ddc8.js:1:137330)
[   14488ms] Error: Minified React error #418; visit https://reactjs.org/docs/error-decoder.html?invariant=418 for the full message or use the non-minified dev environment for full errors and additional helpful warnings.
    at lh (https://aave.com/_next/static/chunks/framework-c1c852b11079ddc8.js:1:53216)
    at i (https://aave.com/_next/static/chunks/framework-c1c852b11079ddc8.js:1:127896)
    at oM (https://aave.com/_next/static/chunks/framework-c1c852b11079ddc8.js:1:105703)
    at oF (https://aave.com/_next/static/chunks/framework-c1c852b11079ddc8.js:1:105573)
    at ow (https://aave.com/_next/static/chunks/framework-c1c852b11079ddc8.js:1:100646)
    at x (https://aave.com/_next/static/chunks/framework-c1c852b11079ddc8.js:1:136800)
    at MessagePort.T (https://aave.com/_next/static/chunks/framework-c1c852b11079ddc8.js:1:137330)
[   14488ms] Error: Minified React error #418; visit https://reactjs.org/docs/error-decoder.html?invariant=418 for the full message or use the non-minified dev environment for full errors and additional helpful warnings.
    at lh (https://aave.com/_next/static/chunks/framework-c1c852b11079ddc8.js:1:53216)
    at i (https://aave.com/_next/static/chunks/framework-c1c852b11079ddc8.js:1:127896)
    at oM (https://aave.com/_next/static/chunks/framework-c1c852b11079ddc8.js:1:105703)
    at oF (https://aave.com/_next/static/chunks/framework-c1c852b11079ddc8.js:1:105573)
    at ow (https://aave.com/_next/static/chunks/framework-c1c852b11079ddc8.js:1:100646)
    at x (https://aave.com/_next/static/chunks/framework-c1c852b11079ddc8.js:1:136800)
    at MessagePort.T (https://aave.com/_next/static/chunks/framework-c1c852b11079ddc8.js:1:137330)
[   14489ms] Error: Minified React error #418; visit https://reactjs.org/docs/error-decoder.html?invariant=418 for the full message or use the non-minified dev environment for full errors and additional helpful warnings.
    at lh (https://aave.com/_next/static/chunks/framework-c1c852b11079ddc8.js:1:53216)
    at i (https://aave.com/_next/static/chunks/framework-c1c852b11079ddc8.js:1:127719)
    at oM (https://aave.com/_next/static/chunks/framework-c1c852b11079ddc8.js:1:105703)
    at oF (https://aave.com/_next/static/chunks/framework-c1c852b11079ddc8.js:1:105573)
    at ow (https://aave.com/_next/static/chunks/framework-c1c852b11079ddc8.js:1:100646)
    at x (https://aave.com/_next/static/chunks/framework-c1c852b11079ddc8.js:1:136800)
    at MessagePort.T (https://aave.com/_next/static/chunks/framework-c1c852b11079ddc8.js:1:137330)
[   14490ms] Error: Minified React error #418; visit https://reactjs.org/docs/error-decoder.html?invariant=418 for the full message or use the non-minified dev environment for full errors and additional helpful warnings.
    at lh (https://aave.com/_next/static/chunks/framework-c1c852b11079ddc8.js:1:53216)
    at i (https://aave.com/_next/static/chunks/framework-c1c852b11079ddc8.js:1:127719)
    at oM (https://aave.com/_next/static/chunks/framework-c1c852b11079ddc8.js:1:105703)
    at oF (https://aave.com/_next/static/chunks/framework-c1c852b11079ddc8.js:1:105573)
    at ow (https://aave.com/_next/static/chunks/framework-c1c852b11079ddc8.js:1:100646)
    at x (https://aave.com/_next/static/chunks/framework-c1c852b11079ddc8.js:1:136800)
    at MessagePort.T (https://aave.com/_next/static/chunks/framework-c1c852b11079ddc8.js:1:137330)
[   14491ms] Error: Minified React error #418; visit https://reactjs.org/docs/error-decoder.html?invariant=418 for the full message or use the non-minified dev environment for full errors and additional helpful warnings.
    at lh (https://aave.com/_next/static/chunks/framework-c1c852b11079ddc8.js:1:53216)
    at i (https://aave.com/_next/static/chunks/framework-c1c852b11079ddc8.js:1:127719)
    at oM (https://aave.com/_next/static/chunks/framework-c1c852b11079ddc8.js:1:105703)
    at oF (https://aave.com/_next/static/chunks/framework-c1c852b11079ddc8.js:1:105573)
    at ow (https://aave.com/_next/static/chunks/framework-c1c852b11079ddc8.js:1:100646)
    at x (https://aave.com/_next/static/chunks/framework-c1c852b11079ddc8.js:1:136800)
    at MessagePort.T (https://aave.com/_next/static/chunks/framework-c1c852b11079ddc8.js:1:137330)
[   14492ms] Error: Minified React error #418; visit https://reactjs.org/docs/error-decoder.html?invariant=418 for the full message or use the non-minified dev environment for full errors and additional helpful warnings.
    at lh (https://aave.com/_next/static/chunks/framework-c1c852b11079ddc8.js:1:53216)
    at i (https://aave.com/_next/static/chunks/framework-c1c852b11079ddc8.js:1:127719)
    at oM (https://aave.com/_next/static/chunks/framework-c1c852b11079ddc8.js:1:105703)
    at oF (https://aave.com/_next/static/chunks/framework-c1c852b11079ddc8.js:1:105573)
    at ow (https://aave.com/_next/static/chunks/framework-c1c852b11079ddc8.js:1:100646)
    at x (https://aave.com/_next/static/chunks/framework-c1c852b11079ddc8.js:1:136800)
    at MessagePort.T (https://aave.com/_next/static/chunks/framework-c1c852b11079ddc8.js:1:137330)
[   14492ms] Error: Minified React error #418; visit https://reactjs.org/docs/error-decoder.html?invariant=418 for the full message or use the non-minified dev environment for full errors and additional helpful warnings.
    at lh (https://aave.com/_next/static/chunks/framework-c1c852b11079ddc8.js:1:53216)
    at i (https://aave.com/_next/static/chunks/framework-c1c852b11079ddc8.js:1:127719)
    at oM (https://aave.com/_next/static/chunks/framework-c1c852b11079ddc8.js:1:105703)
    at oF (https://aave.com/_next/static/chunks/framework-c1c852b11079ddc8.js:1:105573)
    at ow (https://aave.com/_next/static/chunks/framework-c1c852b11079ddc8.js:1:100646)
    at x (https://aave.com/_next/static/chunks/framework-c1c852b11079ddc8.js:1:136800)
    at MessagePort.T (https://aave.com/_next/static/chunks/framework-c1c852b11079ddc8.js:1:137330)
[   14493ms] Error: Minified React error #418; visit https://reactjs.org/docs/error-decoder.html?invariant=418 for the full message or use the non-minified dev environment for full errors and additional helpful warnings.
    at lh (https://aave.com/_next/static/chunks/framework-c1c852b11079ddc8.js:1:53216)
    at i (https://aave.com/_next/static/chunks/framework-c1c852b11079ddc8.js:1:127719)
    at oM (https://aave.com/_next/static/chunks/framework-c1c852b11079ddc8.js:1:105703)
    at oF (https://aave.com/_next/static/chunks/framework-c1c852b11079ddc8.js:1:105573)
    at ow (https://aave.com/_next/static/chunks/framework-c1c852b11079ddc8.js:1:100646)
    at x (https://aave.com/_next/static/chunks/framework-c1c852b11079ddc8.js:1:136800)
    at MessagePort.T (https://aave.com/_next/static/chunks/framework-c1c852b11079ddc8.js:1:137330)
[   14493ms] Error: Minified React error #418; visit https://reactjs.org/docs/error-decoder.html?invariant=418 for the full message or use the non-minified dev environment for full errors and additional helpful warnings.
    at lh (https://aave.com/_next/static/chunks/framework-c1c852b11079ddc8.js:1:53216)
    at i (https://aave.com/_next/static/chunks/framework-c1c852b11079ddc8.js:1:127719)
    at oM (https://aave.com/_next/static/chunks/framework-c1c852b11079ddc8.js:1:105703)
    at oF (https://aave.com/_next/static/chunks/framework-c1c852b11079ddc8.js:1:105573)
    at ow (https://aave.com/_next/static/chunks/framework-c1c852b11079ddc8.js:1:100646)
    at x (https://aave.com/_next/static/chunks/framework-c1c852b11079ddc8.js:1:136800)
    at MessagePort.T (https://aave.com/_next/static/chunks/framework-c1c852b11079ddc8.js:1:137330)
[   14495ms] Error: Minified React error #418; visit https://reactjs.org/docs/error-decoder.html?invariant=418 for the full message or use the non-minified dev environment for full errors and additional helpful warnings.
    at lh (https://aave.com/_next/static/chunks/framework-c1c852b11079ddc8.js:1:53216)
    at i (https://aave.com/_next/static/chunks/framework-c1c852b11079ddc8.js:1:127719)
    at oM (https://aave.com/_next/static/chunks/framework-c1c852b11079ddc8.js:1:105703)
    at oF (https://aave.com/_next/static/chunks/framework-c1c852b11079ddc8.js:1:105573)
    at ow (https://aave.com/_next/static/chunks/framework-c1c852b11079ddc8.js:1:100646)
    at x (https://aave.com/_next/static/chunks/framework-c1c852b11079ddc8.js:1:136800)
    at MessagePort.T (https://aave.com/_next/static/chunks/framework-c1c852b11079ddc8.js:1:137330)
[   14496ms] Error: Minified React error #418; visit https://reactjs.org/docs/error-decoder.html?invariant=418 for the full message or use the non-minified dev environment for full errors and additional helpful warnings.
    at lh (https://aave.com/_next/static/chunks/framework-c1c852b11079ddc8.js:1:53216)
    at i (https://aave.com/_next/static/chunks/framework-c1c852b11079ddc8.js:1:127719)
    at oM (https://aave.com/_next/static/chunks/framework-c1c852b11079ddc8.js:1:105703)
    at oF (https://aave.com/_next/static/chunks/framework-c1c852b11079ddc8.js:1:105573)
    at ow (https://aave.com/_next/static/chunks/framework-c1c852b11079ddc8.js:1:100646)
    at x (https://aave.com/_next/static/chunks/framework-c1c852b11079ddc8.js:1:136800)
    at MessagePort.T (https://aave.com/_next/static/chunks/framework-c1c852b11079ddc8.js:1:137330)
[   14496ms] Error: Minified React error #418; visit https://reactjs.org/docs/error-decoder.html?invariant=418 for the full message or use the non-minified dev environment for full errors and additional helpful warnings.
    at lh (https://aave.com/_next/static/chunks/framework-c1c852b11079ddc8.js:1:53216)
    at i (https://aave.com/_next/static/chunks/framework-c1c852b11079ddc8.js:1:127719)
    at oM (https://aave.com/_next/static/chunks/framework-c1c852b11079ddc8.js:1:105703)
    at oF (https://aave.com/_next/static/chunks/framework-c1c852b11079ddc8.js:1:105573)
    at ow (https://aave.com/_next/static/chunks/framework-c1c852b11079ddc8.js:1:100646)
    at x (https://aave.com/_next/static/chunks/framework-c1c852b11079ddc8.js:1:136800)
    at MessagePort.T (https://aave.com/_next/static/chunks/framework-c1c852b11079ddc8.js:1:137330)
[   14497ms] Error: Minified React error #418; visit https://reactjs.org/docs/error-decoder.html?invariant=418 for the full message or use the non-minified dev environment for full errors and additional helpful warnings.
    at lh (https://aave.com/_next/static/chunks/framework-c1c852b11079ddc8.js:1:53216)
    at i (https://aave.com/_next/static/chunks/framework-c1c852b11079ddc8.js:1:127719)
    at oM (https://aave.com/_next/static/chunks/framework-c1c852b11079ddc8.js:1:105703)
    at oF (https://aave.com/_next/static/chunks/framework-c1c852b11079ddc8.js:1:105573)
    at ow (https://aave.com/_next/static/chunks/framework-c1c852b11079ddc8.js:1:100646)
    at x (https://aave.com/_next/static/chunks/framework-c1c852b11079ddc8.js:1:136800)
    at MessagePort.T (https://aave.com/_next/static/chunks/framework-c1c852b11079ddc8.js:1:137330)
[   14500ms] Error: Minified React error #418; visit https://reactjs.org/docs/error-decoder.html?invariant=418 for the full message or use the non-minified dev environment for full errors and additional helpful warnings.
    at lh (https://aave.com/_next/static/chunks/framework-c1c852b11079ddc8.js:1:53216)
    at i (https://aave.com/_next/static/chunks/framework-c1c852b11079ddc8.js:1:127719)
    at oM (https://aave.com/_next/static/chunks/framework-c1c852b11079ddc8.js:1:105703)
    at oF (https://aave.com/_next/static/chunks/framework-c1c852b11079ddc8.js:1:105573)
    at ow (https://aave.com/_next/static/chunks/framework-c1c852b11079ddc8.js:1:100646)
    at x (https://aave.com/_next/static/chunks/framework-c1c852b11079ddc8.js:1:136800)
    at MessagePort.T (https://aave.com/_next/static/chunks/framework-c1c852b11079ddc8.js:1:137330)
[   14500ms] Error: Minified React error #418; visit https://reactjs.org/docs/error-decoder.html?invariant=418 for the full message or use the non-minified dev environment for full errors and additional helpful warnings.
    at lh (https://aave.com/_next/static/chunks/framework-c1c852b11079ddc8.js:1:53216)
    at i (https://aave.com/_next/static/chunks/framework-c1c852b11079ddc8.js:1:127719)
    at oM (https://aave.com/_next/static/chunks/framework-c1c852b11079ddc8.js:1:105703)
    at oF (https://aave.com/_next/static/chunks/framework-c1c852b11079ddc8.js:1:105573)
    at ow (https://aave.com/_next/static/chunks/framework-c1c852b11079ddc8.js:1:100646)
    at x (https://aave.com/_next/static/chunks/framework-c1c852b11079ddc8.js:1:136800)
    at MessagePort.T (https://aave.com/_next/static/chunks/framework-c1c852b11079ddc8.js:1:137330)
[   14501ms] Error: Minified React error #418; visit https://reactjs.org/docs/error-decoder.html?invariant=418 for the full message or use the non-minified dev environment for full errors and additional helpful warnings.
    at lh (https://aave.com/_next/static/chunks/framework-c1c852b11079ddc8.js:1:53216)
    at i (https://aave.com/_next/static/chunks/framework-c1c852b11079ddc8.js:1:127719)
    at oM (https://aave.com/_next/static/chunks/framework-c1c852b11079ddc8.js:1:105703)
    at oF (https://aave.com/_next/static/chunks/framework-c1c852b11079ddc8.js:1:105573)
    at ow (https://aave.com/_next/static/chunks/framework-c1c852b11079ddc8.js:1:100646)
    at x (https://aave.com/_next/static/chunks/framework-c1c852b11079ddc8.js:1:136800)
    at MessagePort.T (https://aave.com/_next/static/chunks/framework-c1c852b11079ddc8.js:1:137330)
[   14501ms] Error: Minified React error #418; visit https://reactjs.org/docs/error-decoder.html?invariant=418 for the full message or use the non-minified dev environment for full errors and additional helpful warnings.
    at lh (https://aave.com/_next/static/chunks/framework-c1c852b11079ddc8.js:1:53216)
    at i (https://aave.com/_next/static/chunks/framework-c1c852b11079ddc8.js:1:127719)
    at oM (https://aave.com/_next/static/chunks/framework-c1c852b11079ddc8.js:1:105703)
    at oF (https://aave.com/_next/static/chunks/framework-c1c852b11079ddc8.js:1:105573)
    at ow (https://aave.com/_next/static/chunks/framework-c1c852b11079ddc8.js:1:100646)
    at x (https://aave.com/_next/static/chunks/framework-c1c852b11079ddc8.js:1:136800)
    at MessagePort.T (https://aave.com/_next/static/chunks/framework-c1c852b11079ddc8.js:1:137330)
[   14501ms] Error: Minified React error #418; visit https://reactjs.org/docs/error-decoder.html?invariant=418 for the full message or use the non-minified dev environment for full errors and additional helpful warnings.
    at lh (https://aave.com/_next/static/chunks/framework-c1c852b11079ddc8.js:1:53216)
    at i (https://aave.com/_next/static/chunks/framework-c1c852b11079ddc8.js:1:127719)
    at oM (https://aave.com/_next/static/chunks/framework-c1c852b11079ddc8.js:1:105703)
    at oF (https://aave.com/_next/static/chunks/framework-c1c852b11079ddc8.js:1:105573)
    at ow (https://aave.com/_next/static/chunks/framework-c1c852b11079ddc8.js:1:100646)
    at x (https://aave.com/_next/static/chunks/framework-c1c852b11079ddc8.js:1:136800)
    at MessagePort.T (https://aave.com/_next/static/chunks/framework-c1c852b11079ddc8.js:1:137330)
[   14502ms] Error: Minified React error #418; visit https://reactjs.org/docs/error-decoder.html?invariant=418 for the full message or use the non-minified dev environment for full errors and additional helpful warnings.
    at lh (https://aave.com/_next/static/chunks/framework-c1c852b11079ddc8.js:1:53216)
    at i (https://aave.com/_next/static/chunks/framework-c1c852b11079ddc8.js:1:127719)
    at oM (https://aave.com/_next/static/chunks/framework-c1c852b11079ddc8.js:1:105703)
    at oF (https://aave.com/_next/static/chunks/framework-c1c852b11079ddc8.js:1:105573)
    at ow (https://aave.com/_next/static/chunks/framework-c1c852b11079ddc8.js:1:100646)
    at x (https://aave.com/_next/static/chunks/framework-c1c852b11079ddc8.js:1:136800)
    at MessagePort.T (https://aave.com/_next/static/chunks/framework-c1c852b11079ddc8.js:1:137330)
[   14502ms] Error: Minified React error #418; visit https://reactjs.org/docs/error-decoder.html?invariant=418 for the full message or use the non-minified dev environment for full errors and additional helpful warnings.
    at lh (https://aave.com/_next/static/chunks/framework-c1c852b11079ddc8.js:1:53216)
    at i (https://aave.com/_next/static/chunks/framework-c1c852b11079ddc8.js:1:127719)
    at oM (https://aave.com/_next/static/chunks/framework-c1c852b11079ddc8.js:1:105703)
    at oF (https://aave.com/_next/static/chunks/framework-c1c852b11079ddc8.js:1:105573)
    at ow (https://aave.com/_next/static/chunks/framework-c1c852b11079ddc8.js:1:100646)
    at x (https://aave.com/_next/static/chunks/framework-c1c852b11079ddc8.js:1:136800)
    at MessagePort.T (https://aave.com/_next/static/chunks/framework-c1c852b11079ddc8.js:1:137330)
[   14502ms] Error: Minified React error #423; visit https://reactjs.org/docs/error-decoder.html?invariant=423 for the full message or use the non-minified dev environment for full errors and additional helpful warnings.
    at i (https://aave.com/_next/static/chunks/framework-c1c852b11079ddc8.js:1:127378)
    at oM (https://aave.com/_next/static/chunks/framework-c1c852b11079ddc8.js:1:105703)
    at oF (https://aave.com/_next/static/chunks/framework-c1c852b11079ddc8.js:1:105573)
    at oS (https://aave.com/_next/static/chunks/framework-c1c852b11079ddc8.js:1:102344)
    at ow (https://aave.com/_next/static/chunks/framework-c1c852b11079ddc8.js:1:100899)
    at x (https://aave.com/_next/static/chunks/framework-c1c852b11079ddc8.js:1:136800)
    at MessagePort.T (https://aave.com/_next/static/chunks/framework-c1c852b11079ddc8.js:1:137330)
[   15915ms] [WARNING] Amplitude Logger [Warn]: `options.defaultTracking` is set to undefined. This implicitly configures your Amplitude instance to track Page Views, Sessions, File Downloads, and Form Interactions. You can suppress this warning by explicitly setting a value to `options.defaultTracking`. The value must either be a boolean, to enable and disable all default events, or an object, for advanced configuration. For example:

amplitude.init(<YOUR_API_KEY>, {
  defaultTracking: true,
});

Visit https://www.docs.developers.amplitude.com/data/sdks/browser-2/#tracking-default-events for more details. @ https://aave.com/_next/static/chunks/pages/_app-70eb4722e8adc5b7.js:0
[  419117ms] [ERROR] Failed to load resource: the server responded with a status of 500 () @ https://app.aave.com/api/rpc-proxy/:0
[  419119ms] [ERROR] Error making RPC request through server proxy: Error: Failed with status 500: <!DOCTYPE html><html lang="en"><head><meta charSet="utf-8"/><meta name="viewport" content="initial-scale=1, width=device-width"/><title>Aave - Open Source Liquidity Protocol</title><meta name="description" content="Aave is an Open Source Protocol to create Non-Custodial Liquidity Markets to earn interest on supplying and borrowing assets with a variable or stable interest rate. The protocol is designed for easy integration into your products and services."/><meta property="og:title" content="Aave - Open Source Liquidity Protocol"/><meta property="og:description" content="Aave is an Open Source Protocol to create Non-Custodial Liquidity Markets to earn interest on supplying and borrowing assets with a variable or stable interest rate. The protocol is designed for easy integration into your products and services."/><meta property="og:image" content="https://app.aave.com/aave-com-opengraph.png"/><meta name="twitter:image" content="https://app.aave.com/aave-com-opengraph.png"/><meta name="twitter:image:alt" content="aave governance image"/><meta name="twitter:site" content="@AaveAave"/><meta property="twitter:card" content="summary_large_image"/><meta name="twitter:title" content="Open Source Liquidity Protocol"/><meta name="twitter:description" content="Aave is an Open Source Protocol to create Non-Custodial Liquidity Markets to earn interest on supplying and borrowing assets with a variable or stable interest rate. The protocol is designed for easy integration into your products and services."/><meta name="keywords" content="Decentralized Finance, DeFi, lending, borrowing, stablecoins, Ethereum, assets, erc-20, smart contracts, open finance, trustless"/><link rel="apple-touch-icon" href="/aave_180.png"/><meta name="apple-mobile-web-app-title" content="Aave"/><meta name="mobile-web-app-capable" content="yes"/><meta name="apple-mobile-web-app-status-bar-style" content="black"/><meta name="next-head-count" content="18"/><meta name="theme-color" content="#1B2030"/><link rel="icon" href="/favicon.ico" sizes="any"/><link rel="shortcut icon" href="/favicon.ico"/><link rel="manifest" href="/manifest.json"/><style data-emotion="css "></style><link rel="preload" href="/_next/static/css/337af17ceef21cb5.css" as="style"/><link rel="stylesheet" href="/_next/static/css/337af17ceef21cb5.css" data-n-g=""/><noscript data-n-css=""></noscript><script defer="" nomodule="" src="/_next/static/chunks/polyfills-c67a75d1b6f99dc8.js"></script><script src="/_next/static/chunks/webpack-48d5f35b1b922a83.js" defer=""></script><script src="/_next/static/chunks/framework-4e3aabe749d36ff3.js" defer=""></script><script src="/_next/static/chunks/main-9ec9eebefab90c26.js" defer=""></script><script src="/_next/static/chunks/pages/_app-225d5eb8fecf6ffe.js" defer=""></script><script src="/_next/static/chunks/pages/500-a5e96867ba422161.js" defer=""></script><script src="/_next/static/aBScFsI_yVqT7YEH8O3yP/_buildManifest.js" defer=""></script><script src="/_next/static/aBScFsI_yVqT7YEH8O3yP/_ssgManifest.js" defer=""></script></head><body><div id="__next"></div><script id="__NEXT_DATA__" type="application/json">{"props":{"pageProps":{}},"page":"/500","query":{},"buildId":"aBScFsI_yVqT7YEH8O3yP","nextExport":true,"autoExport":true,"isFallback":false,"scriptLoader":[]}</script></body></html>
    at n.<anonymous> (https://app.aave.com/_next/static/chunks/pages/_app-225d5eb8fecf6ffe.js:151:1304639)
    at s (https://app.aave.com/_next/static/chunks/main-9ec9eebefab90c26.js:1:87291)
    at Generator._invoke (https://app.aave.com/_next/static/chunks/main-9ec9eebefab90c26.js:1:87079)
    at P.forEach.e.<computed> [as next] (https://app.aave.com/_next/static/chunks/main-9ec9eebefab90c26.js:1:87714)
    at r (https://app.aave.com/_next/static/chunks/pages/_app-225d5eb8fecf6ffe.js:3792:24875)
    at s (https://app.aave.com/_next/static/chunks/pages/_app-225d5eb8fecf6ffe.js:3792:25078) @ https://app.aave.com/_next/static/chunks/pages/_app-225d5eb8fecf6ffe.js:150
[  419133ms] [ERROR] Failed to load resource: the server responded with a status of 500 () @ https://app.aave.com/api/rpc-proxy/:0
[  419134ms] [ERROR] Error making RPC request through server proxy: Error: Failed with status 500: <!DOCTYPE html><html lang="en"><head><meta charSet="utf-8"/><meta name="viewport" content="initial-scale=1, width=device-width"/><title>Aave - Open Source Liquidity Protocol</title><meta name="description" content="Aave is an Open Source Protocol to create Non-Custodial Liquidity Markets to earn interest on supplying and borrowing assets with a variable or stable interest rate. The protocol is designed for easy integration into your products and services."/><meta property="og:title" content="Aave - Open Source Liquidity Protocol"/><meta property="og:description" content="Aave is an Open Source Protocol to create Non-Custodial Liquidity Markets to earn interest on supplying and borrowing assets with a variable or stable interest rate. The protocol is designed for easy integration into your products and services."/><meta property="og:image" content="https://app.aave.com/aave-com-opengraph.png"/><meta name="twitter:image" content="https://app.aave.com/aave-com-opengraph.png"/><meta name="twitter:image:alt" content="aave governance image"/><meta name="twitter:site" content="@AaveAave"/><meta property="twitter:card" content="summary_large_image"/><meta name="twitter:title" content="Open Source Liquidity Protocol"/><meta name="twitter:description" content="Aave is an Open Source Protocol to create Non-Custodial Liquidity Markets to earn interest on supplying and borrowing assets with a variable or stable interest rate. The protocol is designed for easy integration into your products and services."/><meta name="keywords" content="Decentralized Finance, DeFi, lending, borrowing, stablecoins, Ethereum, assets, erc-20, smart contracts, open finance, trustless"/><link rel="apple-touch-icon" href="/aave_180.png"/><meta name="apple-mobile-web-app-title" content="Aave"/><meta name="mobile-web-app-capable" content="yes"/><meta name="apple-mobile-web-app-status-bar-style" content="black"/><meta name="next-head-count" content="18"/><meta name="theme-color" content="#1B2030"/><link rel="icon" href="/favicon.ico" sizes="any"/><link rel="shortcut icon" href="/favicon.ico"/><link rel="manifest" href="/manifest.json"/><style data-emotion="css "></style><link rel="preload" href="/_next/static/css/337af17ceef21cb5.css" as="style"/><link rel="stylesheet" href="/_next/static/css/337af17ceef21cb5.css" data-n-g=""/><noscript data-n-css=""></noscript><script defer="" nomodule="" src="/_next/static/chunks/polyfills-c67a75d1b6f99dc8.js"></script><script src="/_next/static/chunks/webpack-48d5f35b1b922a83.js" defer=""></script><script src="/_next/static/chunks/framework-4e3aabe749d36ff3.js" defer=""></script><script src="/_next/static/chunks/main-9ec9eebefab90c26.js" defer=""></script><script src="/_next/static/chunks/pages/_app-225d5eb8fecf6ffe.js" defer=""></script><script src="/_next/static/chunks/pages/500-a5e96867ba422161.js" defer=""></script><script src="/_next/static/aBScFsI_yVqT7YEH8O3yP/_buildManifest.js" defer=""></script><script src="/_next/static/aBScFsI_yVqT7YEH8O3yP/_ssgManifest.js" defer=""></script></head><body><div id="__next"></div><script id="__NEXT_DATA__" type="application/json">{"props":{"pageProps":{}},"page":"/500","query":{},"buildId":"aBScFsI_yVqT7YEH8O3yP","nextExport":true,"autoExport":true,"isFallback":false,"scriptLoader":[]}</script></body></html>
    at n.<anonymous> (https://app.aave.com/_next/static/chunks/pages/_app-225d5eb8fecf6ffe.js:151:1304639)
    at s (https://app.aave.com/_next/static/chunks/main-9ec9eebefab90c26.js:1:87291)
    at Generator._invoke (https://app.aave.com/_next/static/chunks/main-9ec9eebefab90c26.js:1:87079)
    at P.forEach.e.<computed> [as next] (https://app.aave.com/_next/static/chunks/main-9ec9eebefab90c26.js:1:87714)
    at r (https://app.aave.com/_next/static/chunks/pages/_app-225d5eb8fecf6ffe.js:3792:24875)
    at s (https://app.aave.com/_next/static/chunks/pages/_app-225d5eb8fecf6ffe.js:3792:25078) @ https://app.aave.com/_next/static/chunks/pages/_app-225d5eb8fecf6ffe.js:150
[  419156ms] [ERROR] Failed to load resource: the server responded with a status of 500 () @ https://app.aave.com/api/rpc-proxy/:0
[  419160ms] [ERROR] Error making RPC request through server proxy: Error: Failed with status 500: <!DOCTYPE html><html lang="en"><head><meta charSet="utf-8"/><meta name="viewport" content="initial-scale=1, width=device-width"/><title>Aave - Open Source Liquidity Protocol</title><meta name="description" content="Aave is an Open Source Protocol to create Non-Custodial Liquidity Markets to earn interest on supplying and borrowing assets with a variable or stable interest rate. The protocol is designed for easy integration into your products and services."/><meta property="og:title" content="Aave - Open Source Liquidity Protocol"/><meta property="og:description" content="Aave is an Open Source Protocol to create Non-Custodial Liquidity Markets to earn interest on supplying and borrowing assets with a variable or stable interest rate. The protocol is designed for easy integration into your products and services."/><meta property="og:image" content="https://app.aave.com/aave-com-opengraph.png"/><meta name="twitter:image" content="https://app.aave.com/aave-com-opengraph.png"/><meta name="twitter:image:alt" content="aave governance image"/><meta name="twitter:site" content="@AaveAave"/><meta property="twitter:card" content="summary_large_image"/><meta name="twitter:title" content="Open Source Liquidity Protocol"/><meta name="twitter:description" content="Aave is an Open Source Protocol to create Non-Custodial Liquidity Markets to earn interest on supplying and borrowing assets with a variable or stable interest rate. The protocol is designed for easy integration into your products and services."/><meta name="keywords" content="Decentralized Finance, DeFi, lending, borrowing, stablecoins, Ethereum, assets, erc-20, smart contracts, open finance, trustless"/><link rel="apple-touch-icon" href="/aave_180.png"/><meta name="apple-mobile-web-app-title" content="Aave"/><meta name="mobile-web-app-capable" content="yes"/><meta name="apple-mobile-web-app-status-bar-style" content="black"/><meta name="next-head-count" content="18"/><meta name="theme-color" content="#1B2030"/><link rel="icon" href="/favicon.ico" sizes="any"/><link rel="shortcut icon" href="/favicon.ico"/><link rel="manifest" href="/manifest.json"/><style data-emotion="css "></style><link rel="preload" href="/_next/static/css/337af17ceef21cb5.css" as="style"/><link rel="stylesheet" href="/_next/static/css/337af17ceef21cb5.css" data-n-g=""/><noscript data-n-css=""></noscript><script defer="" nomodule="" src="/_next/static/chunks/polyfills-c67a75d1b6f99dc8.js"></script><script src="/_next/static/chunks/webpack-48d5f35b1b922a83.js" defer=""></script><script src="/_next/static/chunks/framework-4e3aabe749d36ff3.js" defer=""></script><script src="/_next/static/chunks/main-9ec9eebefab90c26.js" defer=""></script><script src="/_next/static/chunks/pages/_app-225d5eb8fecf6ffe.js" defer=""></script><script src="/_next/static/chunks/pages/500-a5e96867ba422161.js" defer=""></script><script src="/_next/static/aBScFsI_yVqT7YEH8O3yP/_buildManifest.js" defer=""></script><script src="/_next/static/aBScFsI_yVqT7YEH8O3yP/_ssgManifest.js" defer=""></script></head><body><div id="__next"></div><script id="__NEXT_DATA__" type="application/json">{"props":{"pageProps":{}},"page":"/500","query":{},"buildId":"aBScFsI_yVqT7YEH8O3yP","nextExport":true,"autoExport":true,"isFallback":false,"scriptLoader":[]}</script></body></html>
    at n.<anonymous> (https://app.aave.com/_next/static/chunks/pages/_app-225d5eb8fecf6ffe.js:151:1304639)
    at s (https://app.aave.com/_next/static/chunks/main-9ec9eebefab90c26.js:1:87291)
    at Generator._invoke (https://app.aave.com/_next/static/chunks/main-9ec9eebefab90c26.js:1:87079)
    at P.forEach.e.<computed> [as next] (https://app.aave.com/_next/static/chunks/main-9ec9eebefab90c26.js:1:87714)
    at r (https://app.aave.com/_next/static/chunks/pages/_app-225d5eb8fecf6ffe.js:3792:24875)
    at s (https://app.aave.com/_next/static/chunks/pages/_app-225d5eb8fecf6ffe.js:3792:25078) @ https://app.aave.com/_next/static/chunks/pages/_app-225d5eb8fecf6ffe.js:150
